12:03:07 **** Auto Build of configuration Debug for project pcam_vdma_hdmi ****
make pre-build main-build 
a9-linaro-pre-build-step
' '
'Building file: ../src/ov5647/i2c.c'
'Invoking: ARM v7 g++ compiler'
arm-none-eabi-g++ -Wall -O0 -g3 -std=c++11 -c -fmessage-length=0 -MT"src/ov5647/i2c.o" -mcpu=cortex-a9 -mfpu=vfpv3 -mfloat-abi=hard -I../../standalone_bsp_0/ps7_cortexa9_0/include -MMD -MP -MF"src/ov5647/i2c.d" -MT"src/ov5647/i2c.o" -o "src/ov5647/i2c.o" "../src/ov5647/i2c.c"
In file included from ../src/ov5647/../ov5647/delay.h:1:0,
                 from ../src/ov5647/i2c.c:4:
../../standalone_bsp_0/ps7_cortexa9_0/include/xbasic_types.h:115:2: warning: #warning The xbasics_type.h file is deprecated and users should use xil_types.h and xil_assert. [-Wcpp]
 #warning  The xbasics_type.h file is deprecated and users should use xil_types.h and xil_assert.
  ^
../../standalone_bsp_0/ps7_cortexa9_0/include/xbasic_types.h:116:2: warning: #warning Please refer the Standalone BSP UG647 for further details [-Wcpp]
 #warning  Please refer the Standalone BSP UG647 for further details
  ^
'Finished building: ../src/ov5647/i2c.c'
' '
'Building target: pcam_vdma_hdmi.elf'
'Invoking: ARM v7 g++ linker'
arm-none-eabi-g++ -mcpu=cortex-a9 -mfpu=vfpv3 -mfloat-abi=hard -Wl,-build-id=none -specs=Xilinx.spec -Wl,-T -Wl,../src/lscript.ld -L../../standalone_bsp_0/ps7_cortexa9_0/lib -o "pcam_vdma_hdmi.elf"  ./src/platform/platform.o  ./src/ov5647/OV5647.o ./src/ov5647/delay.o ./src/ov5647/i2c.o  ./src/main.o   -Wl,--start-group,-lxil,-lgcc,-lc,-lstdc++,--end-group -Wl,--start-group,-lxilffs,-lxil,-lgcc,-lc,--end-group
'Finished building target: pcam_vdma_hdmi.elf'
' '
'Invoking: ARM v7 Print Size'
arm-none-eabi-size pcam_vdma_hdmi.elf  |tee "pcam_vdma_hdmi.elf.size"
   text	   data	    bss	    dec	    hex	filename
 838348	   4572	  36312	 879232	  d6a80	pcam_vdma_hdmi.elf
'Finished building: pcam_vdma_hdmi.elf.size'
' '

12:03:09 Build Finished (took 1s.456ms)

